Info-msg : Checking directory existence. 

/data/system-heartbeat/ directory exists
Info-msg : hostname of server (hostname). 

clixserver.tiss.edu
 

------------------------------------------------------------------------------------ 


Info-msg : internal ip addresses of the system (ip address). 

 

------------------------------------------------------------------------------------ 


Info-msg : external ip addresses of the system (public ip address). 


 

------------------------------------------------------------------------------------ 


Info-msg : RAM details (free -h). 

             total       used       free     shared    buffers     cached
Mem:          7.7G       1.8G       5.9G       201M        60M       737M
-/+ buffers/cache:       1.0G       6.7G
Swap:         7.6G         0B       7.6G
 

------------------------------------------------------------------------------------ 


Info-msg : HDD details (df -h). 

Filesystem      Size  Used Avail Use% Mounted on
overlay         908G   55G  807G   7% /
tmpfs            64M     0   64M   0% /dev
tmpfs           3.9G     0  3.9G   0% /sys/fs/cgroup
/dev/sda3       908G   55G  807G   7% /data
shm              64M     0   64M   0% /dev/shm
tmpfs           3.9G     0  3.9G   0% /proc/scsi
tmpfs           3.9G     0  3.9G   0% /sys/firmware
 

------------------------------------------------------------------------------------ 


Info-msg : Size description in '/data/'. 

8.0K	/data/2031014-mz14-activity-timestamp-csvs.tar.gz
44M	/data/2031014-mz14-assessment-media.tar.gz
4.0K	/data/2031014-mz14-gstudio_tools_logs.tar.gz
64K	/data/activity-timestamp-csvs
114M	/data/assessment-media
16K	/data/clixserver.tiss.edu
361M	/data/db
4.0K	/data/drop_database.sql
12K	/data/git-commit-details.log
4.0K	/data/gstudio-exported-users-analytics-csvs
20K	/data/gstudio-logs
12K	/data/gstudio_tools_logs
8.0K	/data/local_settings.py
17G	/data/media
42M	/data/nginx-logs
504K	/data/pg_dump_all.sql
2.7M	/data/postgres-dump
2.8M	/data/qbank
670M	/data/rcs-repo
4.0K	/data/server_settings.py
20K	/data/system-heartbeat
 

------------------------------------------------------------------------------------ 


Info-msg : No of directories and files in '/data/media/'. 

No of directories : 4002 

No of files       : 9629 

 

------------------------------------------------------------------------------------ 


Info-msg : uptime (uptime). 

 13:01:16 up 1 min,  0 users,  load average: 2.56, 0.86, 0.31
 

------------------------------------------------------------------------------------ 


Info-msg : current process (uptime). 

USER       PID %CPU %MEM    VSZ   RSS TTY      STAT START   TIME COMMAND
root         1  0.0  0.0   4456   832 ?        Ss   13:00   0:00 /bin/sh -c /home/docker/code/scripts/initialize.sh  | sed -e "s/^/$(date +%Y%m%d-%H%M%S) :  /"  2>&1 | tee -a ${LOG_INSTALL_DOCKER}
root         7  0.0  0.0  17988  2884 ?        S    13:00   0:00 /bin/bash /home/docker/code/scripts/initialize.sh
root         8  0.0  0.0  10996  1504 ?        S    13:00   0:00 sed -e s/^/20180611-130034 :  /
root        10  0.0  0.0   4360  1228 ?        S    13:00   0:00 tee -a /root/DockerLogs/$(DATE_LOG)-gsd-install.log
root        16  2.5  1.0 254216 87732 ?        Sl   13:00   0:01 mongod --config /home/docker/code/confs/mongod.conf
root        18  0.0  0.0  23664  2076 ?        Ss   13:00   0:00 /usr/sbin/cron
postgres    36  0.0  0.2 244856 19332 ?        S    13:00   0:00 /usr/lib/postgresql/9.3/bin/postgres -D /var/lib/postgresql/9.3/main -c config_file=/etc/postgresql/9.3/main/postgresql.conf
postgres    78  0.0  0.0 244856  3220 ?        Ss   13:00   0:00 postgres: checkpointer process                                                                                              
postgres    79  0.0  0.0 244856  4048 ?        Ss   13:00   0:00 postgres: writer process                                                                                                    
postgres    80  0.0  0.0 244856  3220 ?        Ss   13:00   0:00 postgres: wal writer process                                                                                                
postgres    81  0.0  0.0 245596  5580 ?        Ss   13:00   0:00 postgres: autovacuum launcher process                                                                                       
postgres    82  0.0  0.0 100532  3348 ?        Ss   13:00   0:00 postgres: stats collector process                                                                                           
root       185  0.0  0.0  25356  2892 ?        Ss   13:00   0:00 /usr/lib/postfix/master
postfix    190  0.0  0.0  27420  2792 ?        S    13:00   0:00 pickup -l -t unix -u -c
postfix    191  0.0  0.0  27468  2848 ?        S    13:00   0:00 qmgr -l -t unix -u
root       199  0.0  0.0  61388  3096 ?        Ss   13:00   0:00 /usr/sbin/sshd
memcache   206  0.0  0.0  63264  2604 ?        Sl   13:00   0:00 /usr/bin/memcached -m 64 -p 11211 -u memcache -l 127.0.0.1
rabbitmq   235  0.0  0.0   7512    88 ?        S    13:00   0:00 /usr/lib/erlang/erts-5.10.4/bin/epmd -daemon
rabbitmq   262  1.2  0.0   4456   856 ?        S    13:00   0:00 /bin/sh /usr/sbin/rabbitmq-server
rabbitmq   306  4.3  1.1 2297720 92632 ?       Sl   13:00   0:00 /usr/lib/erlang/erts-5.10.4/bin/beam.smp -W w -K true -A30 -P 1048576 -- -root /usr/lib/erlang -progname erl -- -home /var/lib/rabbitmq -- -pa /usr/lib/rabbitmq/lib/rabbitmq_server-3.2.4/sbin/../ebin -noshell -noinput -s rabbit boot -sname rabbit@clixserver -boot start_sasl -kernel inet_default_connect_options [{nodelay,true}] -sasl errlog_type error -sasl sasl_error_logger false -rabbit error_logger {file,"/var/log/rabbitmq/rabbit@clixserver.log"} -rabbit sasl_error_logger {file,"/var/log/rabbitmq/rabbit@clixserver-sasl.log"} -rabbit enabled_plugins_file "/etc/rabbitmq/enabled_plugins" -rabbit plugins_dir "/usr/lib/rabbitmq/lib/rabbitmq_server-3.2.4/sbin/../plugins" -rabbit plugins_expand_dir "/var/lib/rabbitmq/mnesia/rabbit@clixserver-plugins-expand" -os_mon start_cpu_sup false -os_mon start_disksup false -os_mon start_memsup false -mnesia dir "/var/lib/rabbitmq/mnesia/rabbit@clixserver"
rabbitmq   393  1.5  0.0   7476   880 ?        Ss   13:01   0:00 inet_gethost 4
rabbitmq   394  0.0  0.0   9568  1592 ?        S    13:01   0:00 inet_gethost 4
root       396  3.5  0.4 151164 35104 ?        D    13:01   0:00 python manage.py celeryd -f /var/log/celeryd.log -l INFO
root       398  3.3  0.4 145880 33692 ?        D    13:01   0:00 python manage.py shell
root       399  0.0  0.0  59648  3052 ?        S    13:01   0:00 /USR/SBIN/CRON
root       400  0.0  0.0   4456   680 ?        Ss   13:01   0:00 /bin/sh -c /home/docker/code/scripts/system-heartbeat.sh  > /tmp/cron-system-heartbeat.log
root       401  0.0  0.0   9588  2308 ?        S    13:01   0:00 /bin/bash /home/docker/code/scripts/system-heartbeat.sh
root       402  0.0  0.0   9600  2616 ?        S    13:01   0:00 /bin/bash /home/docker/code/scripts/system-heartbeat.sh
root       403  0.0  0.0   4360   696 ?        S    13:01   0:00 tee /data/system-heartbeat/system-heartbeat-20180611-130101.log
root       442  0.0  0.0  15580  2152 ?        R    13:01   0:00 ps aux
 

------------------------------------------------------------------------------------ 


