Info-msg : Checking directory existence. 

/data/system-heartbeat/ directory exists
Info-msg : hostname of server (hostname). 

clixserver.tiss.edu
 

------------------------------------------------------------------------------------ 


Info-msg : internal ip addresses of the system (ip address). 

 

------------------------------------------------------------------------------------ 


Info-msg : external ip addresses of the system (public ip address). 


 

------------------------------------------------------------------------------------ 


Info-msg : RAM details (free -h). 

             total       used       free     shared    buffers     cached
Mem:          7.7G       1.1G       6.7G        80M        53M       510M
-/+ buffers/cache:       528M       7.2G
Swap:         7.6G         0B       7.6G
 

------------------------------------------------------------------------------------ 


Info-msg : HDD details (df -h). 

Filesystem      Size  Used Avail Use% Mounted on
overlay         908G   60G  802G   7% /
tmpfs            64M     0   64M   0% /dev
tmpfs           3.9G     0  3.9G   0% /sys/fs/cgroup
/dev/sda3       908G   60G  802G   7% /data
shm              64M     0   64M   0% /dev/shm
tmpfs           3.9G     0  3.9G   0% /proc/scsi
tmpfs           3.9G     0  3.9G   0% /sys/firmware
 

------------------------------------------------------------------------------------ 


Info-msg : Size description in '/data/'. 

8.0K	/data/2031020-mz20-activity-timestamp-csvs.tar.gz
44M	/data/2031020-mz20-assessment-media.tar.gz
4.0K	/data/2031020-mz20-gstudio_tools_logs.tar.gz
64K	/data/activity-timestamp-csvs
114M	/data/assessment-media
16K	/data/clixserver.tiss.edu
377M	/data/db
4.0K	/data/drop_database.sql
12K	/data/git-commit-details.log
5.3M	/data/gstudio-exported-users-analytics-csvs
60K	/data/gstudio-logs
8.0K	/data/local_settings.py
17G	/data/media
5.0G	/data/nginx-logs
504K	/data/pg_dump_all.sql
2.7M	/data/postgres-dump
3.7M	/data/qbank
671M	/data/rcs-repo
4.0K	/data/server_settings.py
364K	/data/system-heartbeat
 

------------------------------------------------------------------------------------ 


Info-msg : No of directories and files in '/data/media/'. 

No of directories : 4002 

No of files       : 9629 

 

------------------------------------------------------------------------------------ 


Info-msg : uptime (uptime). 

 16:01:18 up 1 min,  0 users,  load average: 2.91, 1.04, 0.38
 

------------------------------------------------------------------------------------ 


Info-msg : current process (uptime). 

USER       PID %CPU %MEM    VSZ   RSS TTY      STAT START   TIME COMMAND
root         1  0.0  0.0   4456   724 ?        Ss   16:00   0:00 /bin/sh -c /home/docker/code/scripts/initialize.sh  | sed -e "s/^/$(date +%Y%m%d-%H%M%S) :  /"  2>&1 | tee -a ${LOG_INSTALL_DOCKER}
root         9  0.0  0.0  17988  2780 ?        S    16:00   0:00 /bin/bash /home/docker/code/scripts/initialize.sh
root        10  0.0  0.0  10996  1448 ?        S    16:00   0:00 sed -e s/^/20180814-160053 :  /
root        12  0.0  0.0   4360  1320 ?        S    16:00   0:00 tee -a /root/DockerLogs/$(DATE_LOG)-gsd-install.log
root        18  3.4  1.1 257968 89676 ?        Sl   16:00   0:00 mongod --config /home/docker/code/confs/mongod.conf
root        20  0.0  0.0  23664  2076 ?        Ss   16:00   0:00 /usr/sbin/cron
postgres    39  0.1  0.2 244856 19320 ?        S    16:00   0:00 /usr/lib/postgresql/9.3/bin/postgres -D /var/lib/postgresql/9.3/main -c config_file=/etc/postgresql/9.3/main/postgresql.conf
root        56  0.0  0.0  59648  3040 ?        S    16:01   0:00 /USR/SBIN/CRON
root        60  0.0  0.0   4456   776 ?        Ss   16:01   0:00 /bin/sh -c /home/docker/code/scripts/system-heartbeat.sh  > /tmp/cron-system-heartbeat.log
root        61  0.0  0.0   9588  2308 ?        S    16:01   0:00 /bin/bash /home/docker/code/scripts/system-heartbeat.sh
root        62  0.0  0.0   9600  2628 ?        S    16:01   0:00 /bin/bash /home/docker/code/scripts/system-heartbeat.sh
root        63  0.0  0.0   4360   644 ?        S    16:01   0:00 tee /data/system-heartbeat/system-heartbeat-20180814-160102.log
postgres   102  0.0  0.0 244856  3340 ?        Ss   16:01   0:00 postgres: checkpointer process                                                                                              
postgres   103  0.0  0.0 244856  3340 ?        Ss   16:01   0:00 postgres: writer process                                                                                                    
postgres   104  0.0  0.0 244856  3340 ?        Ss   16:01   0:00 postgres: wal writer process                                                                                                
postgres   105  0.0  0.0 245596  5724 ?        Ss   16:01   0:00 postgres: autovacuum launcher process                                                                                       
postgres   106  0.0  0.0 100532  3420 ?        Ss   16:01   0:00 postgres: stats collector process                                                                                           
root       209  0.0  0.0  25356  2816 ?        Ss   16:01   0:00 /usr/lib/postfix/master
postfix    211  0.0  0.0  27420  2736 ?        S    16:01   0:00 pickup -l -t unix -u -c
postfix    212  0.0  0.0  27468  2848 ?        S    16:01   0:00 qmgr -l -t unix -u
root       223  0.0  0.0  61388  3192 ?        Ss   16:01   0:00 /usr/sbin/sshd
memcache   230  0.0  0.0  63264  2720 ?        Sl   16:01   0:00 /usr/bin/memcached -m 64 -p 11211 -u memcache -l 127.0.0.1
root       231  0.0  0.0   4456  1688 ?        S    16:01   0:00 /bin/sh /etc/init.d/rabbitmq-server start
root       239  0.0  0.0   4456  1616 ?        S    16:01   0:00 /bin/sh /usr/sbin/rabbitmqctl status
root       247  0.0  0.0  61692  3156 ?        S    16:01   0:00 su rabbitmq -s /bin/sh -c /usr/lib/rabbitmq/bin/rabbitmqctl  "status"
rabbitmq   248  0.0  0.0   4456   760 ?        Ss   16:01   0:00 sh -c /usr/lib/rabbitmq/bin/rabbitmqctl  "status"
rabbitmq   249  3.7  0.8 512464 68124 ?        Sl   16:01   0:00 /usr/lib/erlang/erts-5.10.4/bin/beam.smp -- -root /usr/lib/erlang -progname erl -- -home /var/lib/rabbitmq -- -pa /usr/lib/rabbitmq/lib/rabbitmq_server-3.2.4/sbin/../ebin -noshell -noinput -hidden -sname rabbitmqctl249 -boot start_clean -s rabbit_control_main -nodename rabbit@clixserver -extra status
rabbitmq   259  0.0  0.0   7512    92 ?        S    16:01   0:00 /usr/lib/erlang/erts-5.10.4/bin/epmd -daemon
rabbitmq   281  0.0  0.0   4212   652 ?        R    16:01   0:00 /usr/lib/erlang/erts-5.10.4/bin/child_setup false . exec inet_gethost 4  3:1048575 10:1 11:0 -
root       286  0.0  0.0  15580  2196 ?        R    16:01   0:00 ps aux
 

------------------------------------------------------------------------------------ 


